// Vitest Snapshot v1, https://vitest.dev/guide/snapshot.html

exports[`generates default utilities 1`] = `
".text-fill {
    -webkit-text-fill-color: #eeeeee
}
.text-fill-black {
    -webkit-text-fill-color: #000
}
.text-fill-gray-100 {
    -webkit-text-fill-color: #f5f5f5
}
.text-fill-gray-200 {
    -webkit-text-fill-color: #eeeeee
}
.text-fill-gray-300 {
    -webkit-text-fill-color: #e0e0e0
}
.text-fill-gray-400 {
    -webkit-text-fill-color: #bdbdbd
}
.text-fill-gray-500 {
    -webkit-text-fill-color: #9e9e9e
}
.text-fill-gray-600 {
    -webkit-text-fill-color: #757575
}
.text-fill-gray-700 {
    -webkit-text-fill-color: #616161
}
.text-fill-gray-800 {
    -webkit-text-fill-color: #424242
}
.text-fill-gray-900 {
    -webkit-text-fill-color: #212121
}
.text-fill-transparent {
    -webkit-text-fill-color: transparent
}
.text-fill-white {
    -webkit-text-fill-color: #fff
}
.text-stroke {
    -webkit-text-stroke-color: #eeeeee
}
.text-stroke-black {
    -webkit-text-stroke-color: #000
}
.text-stroke-gray-100 {
    -webkit-text-stroke-color: #f5f5f5
}
.text-stroke-gray-200 {
    -webkit-text-stroke-color: #eeeeee
}
.text-stroke-gray-300 {
    -webkit-text-stroke-color: #e0e0e0
}
.text-stroke-gray-400 {
    -webkit-text-stroke-color: #bdbdbd
}
.text-stroke-gray-500 {
    -webkit-text-stroke-color: #9e9e9e
}
.text-stroke-gray-600 {
    -webkit-text-stroke-color: #757575
}
.text-stroke-gray-700 {
    -webkit-text-stroke-color: #616161
}
.text-stroke-gray-800 {
    -webkit-text-stroke-color: #424242
}
.text-stroke-gray-900 {
    -webkit-text-stroke-color: #212121
}
.text-stroke-transparent {
    -webkit-text-stroke-color: transparent
}
.text-stroke-white {
    -webkit-text-stroke-color: #fff
}
.text-stroke {
    -webkit-text-stroke-width: 1px
}
.text-stroke-0 {
    -webkit-text-stroke-width: 0px
}
.text-stroke-2 {
    -webkit-text-stroke-width: 2px
}
.text-stroke-4 {
    -webkit-text-stroke-width: 4px
}
.text-stroke-8 {
    -webkit-text-stroke-width: 8px
}
.paint-fms {
    paint-order: fill markers stroke
}
.paint-fsm {
    paint-order: fill stroke markers
}
.paint-mfs {
    paint-order: markers fill stroke
}
.paint-msf {
    paint-order: markers stroke fill
}
.paint-sfm {
    paint-order: stroke fill markers
}
.paint-smf {
    paint-order: stroke markers fill
}"
`;

exports[`utilities accept arbitrary values 1`] = `
".text-fill-\\[lime\\] {
    -webkit-text-fill-color: lime
}
.text-stroke-\\[black\\] {
    -webkit-text-stroke-color: black
}
.text-stroke-\\[color\\:black\\] {
    -webkit-text-stroke-color: black
}
.text-stroke-\\[0\\.25rem\\] {
    -webkit-text-stroke-width: 0.25rem
}
.text-stroke-\\[length\\:0\\.25rem\\] {
    -webkit-text-stroke-width: 0.25rem
}
.paint-\\[stroke_fill_markers\\] {
    paint-order: stroke fill markers
}"
`;

exports[`utilities can be customized 1`] = `
".text-fill {
    -webkit-text-fill-color: #38b2ac
}
.text-fill-black {
    -webkit-text-fill-color: #000
}
.text-fill-gray {
    -webkit-text-fill-color: #9e9e9e
}
.text-fill-transparent {
    -webkit-text-fill-color: transparent
}
.text-fill-white {
    -webkit-text-fill-color: #fff
}
.text-stroke {
    -webkit-text-stroke-color: #38b2ac
}
.text-stroke-transparent {
    -webkit-text-stroke-color: transparent
}
.text-stroke {
    -webkit-text-stroke-width: 1px
}
.text-stroke-lg {
    -webkit-text-stroke-width: 8px
}
.text-stroke-md {
    -webkit-text-stroke-width: 4px
}
.text-stroke-sm {
    -webkit-text-stroke-width: 2px
}
.paint-stroke {
    paint-order: stroke
}"
`;

exports[`utilities can use decimal values 1`] = `
".text-stroke-0\\.5 {
    -webkit-text-stroke-width: 0.5px
}"
`;

exports[`utilities can use negative values 1`] = `
".-text-stroke-4 {
    -webkit-text-stroke-width: -4px
}"
`;

exports[`variants accept arbitrary values 1`] = `
".\\[\\&\\>\\*\\]\\:text-fill-\\[lime\\]>* {
    -webkit-text-fill-color: lime
}"
`;

exports[`variants can be customized 1`] = `
".text-fill-white {
    -webkit-text-fill-color: #fff
}
.text-stroke {
    -webkit-text-stroke-color: #eeeeee
}
.text-stroke-black {
    -webkit-text-stroke-color: #000
}
.text-stroke {
    -webkit-text-stroke-width: 1px
}
.hover\\:text-fill-gray-300:hover {
    -webkit-text-fill-color: #e0e0e0
}
.focus\\:text-stroke-gray-900:focus {
    -webkit-text-stroke-color: #212121
}
@media (min-width: 640px) {
    .sm\\:text-stroke-2 {
        -webkit-text-stroke-width: 2px
    }
}"
`;
